main.c:71:6:HAL_UART_RxCpltCallback	16	static
main.c:98:6:Set_Pin_Output	40	static
main.c:106:6:Set_Pin_Input	40	static
main.c:119:9:DS18B20_Start	16	static
main.c:138:6:DS18B20_Write	24	static
main.c:168:9:DS18B20_Read	16	static
main.c:194:5:main	40	static
main.c:300:6:SystemClock_Config	88	static
main.c:342:13:MX_TIM3_Init	48	static
main.c:395:13:MX_TIM4_Init	32	static
main.c:437:13:MX_TIM10_Init	8	static
main.c:466:13:MX_USART1_UART_Init	8	static
main.c:497:13:MX_USART2_UART_Init	8	static
main.c:528:13:MX_GPIO_Init	48	static
main.c:562:6:usDelay	16	static
main.c:574:6:HAL_TIM_IC_CaptureCallback	16	static
main.c:591:6:Error_Handler	4	static,ignoring_inline_asm
